
> pokemon-draft@0.1.1 build
> next build

   ▲ Next.js 15.1.6
   - Environments: .env

   Creating an optimized production build ...


Source path: C:\Users\msidh\Documents\Projects\Pokemon Draft\pokemon-draft\src\app\globals.css
Setting up new context...
Finding changed files: 10.835ms
Reading changed files: 105.44ms
Sorting candidates: 3.994ms
Generate rules: 176.946ms
Build stylesheet: 8.79ms
Potential classes:  6312
Active contexts:  1
JIT TOTAL: 477.893ms


 ✓ Compiled successfully
   Linting and checking validity of types ...

./src/app/create-draft/page.tsx
368:95  Warning: `'` can be escaped with `&apos;`, `&lsquo;`, `&#39;`, `&rsquo;`.  react/no-unescaped-entities

./src/app/draft/[id]/page.tsx
149:9  Warning: 'connectionState' is assigned a value but never used.  @typescript-eslint/no-unused-vars
426:9  Warning: 'handleSelectPokemon' is assigned a value but never used.  @typescript-eslint/no-unused-vars
582:27  Warning: 'seconds' is defined but never used.  @typescript-eslint/no-unused-vars

./src/app/draft/[id]/results/page.tsx
15:10  Warning: 'EnhancedErrorBoundary' is defined but never used.  @typescript-eslint/no-unused-vars
26:17  Warning: 'pokemon' is assigned a value but never used.  @typescript-eslint/no-unused-vars

./src/app/hydration-error-filter.tsx
15:31  Warning: Unexpected any. Specify a different type.  @typescript-eslint/no-explicit-any
37:30  Warning: Unexpected any. Specify a different type.  @typescript-eslint/no-explicit-any

./src/app/join-draft/page.tsx
17:46  Warning: Unexpected any. Specify a different type.  @typescript-eslint/no-explicit-any
116:6  Warning: React Hook useEffect has missing dependencies: 'formData.roomCode' and 'lookupDraft'. Either include them or remove the dependency array.  react-hooks/exhaustive-deps

./src/app/spectate/page.tsx
305:24  Warning: `'` can be escaped with `&apos;`, `&lsquo;`, `&#39;`, `&rsquo;`.  react/no-unescaped-entities

./src/app/spectate/[id]/page.tsx
34:17  Warning: 'pokemon' is assigned a value but never used.  @typescript-eslint/no-unused-vars

./src/components/analytics/DraftAnalyticsSummary.tsx
3:29  Warning: 'CardDescription' is defined but never used.  @typescript-eslint/no-unused-vars

./src/components/auth/AuthForm.tsx
83:23  Warning: Unexpected any. Specify a different type.  @typescript-eslint/no-explicit-any
105:21  Warning: Unexpected any. Specify a different type.  @typescript-eslint/no-explicit-any
125:21  Warning: Unexpected any. Specify a different type.  @typescript-eslint/no-explicit-any

./src/components/draft/AuctionBiddingInterface.tsx
52:3  Warning: 'onNominatePokemon' is defined but never used.  @typescript-eslint/no-unused-vars
111:6  Warning: React Hook useEffect has a missing dependency: 'currentAuction'. Either include it or remove the dependency array.  react-hooks/exhaustive-deps

./src/components/draft/AuctionNotifications.tsx
8:68  Warning: 'Users' is defined but never used.  @typescript-eslint/no-unused-vars
21:3  Warning: 'draftId' is defined but never used.  @typescript-eslint/no-unused-vars
22:3  Warning: 'userTeamId' is defined but never used.  @typescript-eslint/no-unused-vars

./src/components/draft/AuctionTimer.tsx
8:17  Warning: 'Play' is defined but never used.  @typescript-eslint/no-unused-vars
8:23  Warning: 'Pause' is defined but never used.  @typescript-eslint/no-unused-vars
8:30  Warning: 'RotateCcw' is defined but never used.  @typescript-eslint/no-unused-vars
93:9  Warning: 'getProgressColor' is assigned a value but never used.  @typescript-eslint/no-unused-vars

./src/components/draft/DraftChat.tsx
14:3  Warning: 'ThumbsUp' is defined but never used.  @typescript-eslint/no-unused-vars
15:3  Warning: 'Heart' is defined but never used.  @typescript-eslint/no-unused-vars
16:3  Warning: 'Zap' is defined but never used.  @typescript-eslint/no-unused-vars
17:3  Warning: 'X' is defined but never used.  @typescript-eslint/no-unused-vars
51:3  Warning: 'currentUserName' is defined but never used.  @typescript-eslint/no-unused-vars
52:3  Warning: 'draftId' is defined but never used.  @typescript-eslint/no-unused-vars

./src/components/draft/DraftConfirmationModal.tsx
15:10  Warning: 'getBestPokemonImageUrl' is defined but never used.  @typescript-eslint/no-unused-vars
15:34  Warning: 'getTypeColor' is defined but never used.  @typescript-eslint/no-unused-vars
17:25  Warning: 'Shield' is defined but never used.  @typescript-eslint/no-unused-vars

./src/components/draft/DraftControls.tsx
56:3  Warning: 'currentTeam' is defined but never used.  @typescript-eslint/no-unused-vars
245:78  Warning: `'` can be escaped with `&apos;`, `&lsquo;`, `&#39;`, `&rsquo;`.  react/no-unescaped-entities
283:79  Warning: `'` can be escaped with `&apos;`, `&lsquo;`, `&#39;`, `&rsquo;`.  react/no-unescaped-entities
322:108  Warning: `'` can be escaped with `&apos;`, `&lsquo;`, `&#39;`, `&rsquo;`.  react/no-unescaped-entities

./src/components/draft/DraftResults.tsx
428:51  Warning: 'index' is defined but never used.  @typescript-eslint/no-unused-vars

./src/components/draft/DraftSettings.tsx
24:25  Warning: Unexpected any. Specify a different type.  @typescript-eslint/no-explicit-any
25:28  Warning: Unexpected any. Specify a different type.  @typescript-eslint/no-explicit-any
26:22  Warning: Unexpected any. Specify a different type.  @typescript-eslint/no-explicit-any
45:28  Warning: Unexpected any. Specify a different type.  @typescript-eslint/no-explicit-any
89:28  Warning: Unexpected any. Specify a different type.  @typescript-eslint/no-explicit-any
250:26  Warning: Unexpected any. Specify a different type.  @typescript-eslint/no-explicit-any

./src/components/draft/LiveParticipants.tsx
3:20  Warning: 'useEffect' is defined but never used.  @typescript-eslint/no-unused-vars
15:3  Warning: 'MessageCircle' is defined but never used.  @typescript-eslint/no-unused-vars

./src/components/draft/MobileWishlistSheet.tsx
3:17  Warning: 'useState' is defined but never used.  @typescript-eslint/no-unused-vars
14:3  Warning: 'AlertTriangle' is defined but never used.  @typescript-eslint/no-unused-vars
15:3  Warning: 'Star' is defined but never used.  @typescript-eslint/no-unused-vars
45:3  Warning: 'onReorder' is defined but never used.  @typescript-eslint/no-unused-vars

./src/components/draft/ResponsiveWishlistInterface.tsx
12:14  Warning: Unexpected any. Specify a different type.  @typescript-eslint/no-explicit-any

./src/components/draft/SpectatorMode.tsx
20:3  Warning: 'RefreshCw' is defined but never used.  @typescript-eslint/no-unused-vars
307:24  Warning: `'` can be escaped with `&apos;`, `&lsquo;`, `&#39;`, `&rsquo;`.  react/no-unescaped-entities

./src/components/draft/WishlistConnectionStatus.tsx
6:10  Warning: 'Wifi' is defined but never used.  @typescript-eslint/no-unused-vars
6:25  Warning: 'AlertTriangle' is defined but never used.  @typescript-eslint/no-unused-vars

./src/components/draft/WishlistManager.tsx
4:10  Warning: 'Pokemon' is defined but never used.  @typescript-eslint/no-unused-vars
22:10  Warning: 'useDraftStore' is defined but never used.  @typescript-eslint/no-unused-vars
22:25  Warning: 'selectUserWishlist' is defined but never used.  @typescript-eslint/no-unused-vars
22:45  Warning: 'selectIsInWishlist' is defined but never used.  @typescript-eslint/no-unused-vars
32:14  Warning: Unexpected any. Specify a different type.  @typescript-eslint/no-explicit-any
42:3  Warning: 'userTeam' is defined but never used.  @typescript-eslint/no-unused-vars
78:37  Warning: 'itemId' is defined but never used.  @typescript-eslint/no-unused-vars
78:53  Warning: 'isAvailable' is defined but never used.  @typescript-eslint/no-unused-vars
93:5  Warning: 'isDragging' is assigned a value but never used.  @typescript-eslint/no-unused-vars

./src/components/pokemon/PokemonCard.tsx
8:10  Warning: 'getStatColor' is defined but never used.  @typescript-eslint/no-unused-vars
12:30  Warning: 'CheckCircle' is defined but never used.  @typescript-eslint/no-unused-vars

./src/components/pokemon/PokemonDetailsModal.tsx
5:19  Warning: 'Move' is defined but never used.  @typescript-eslint/no-unused-vars
69:6  Warning: React Hook useEffect has a missing dependency: 'pokemon'. Either include it or remove the dependency array.  react-hooks/exhaustive-deps
84:6  Warning: React Hook useEffect has missing dependencies: 'pokemon' and 'pokemonWithMoves'. Either include them or remove the dependency array.  react-hooks/exhaustive-deps

./src/components/providers/NotificationProvider.tsx
66:6  Warning: React Hook useCallback has a missing dependency: 'removeNotification'. Either include it or remove the dependency array.  react-hooks/exhaustive-deps

./src/components/spectator/SpectatorDraftGrid.tsx
20:15  Warning: Unexpected any. Specify a different type.  @typescript-eslint/no-explicit-any
21:12  Warning: Unexpected any. Specify a different type.  @typescript-eslint/no-explicit-any
22:12  Warning: Unexpected any. Specify a different type.  @typescript-eslint/no-explicit-any
41:58  Warning: Unexpected any. Specify a different type.  @typescript-eslint/no-explicit-any

./src/components/team/BudgetOptimizationTool.tsx
38:77  Warning: Unexpected any. Specify a different type.  @typescript-eslint/no-explicit-any

./src/components/team/TeamRoster.tsx
96:19  Warning: Using `<img>` could result in slower LCP and higher bandwidth. Consider using `<Image />` from `next/image` or a custom image loader to automatically optimize images. This may incur additional usage or cost from your provider. See: https://nextjs.org/docs/messages/no-img-element  @next/next/no-img-element

./src/components/ui/loading-states.tsx
4:29  Warning: 'CardDescription' is defined but never used.  @typescript-eslint/no-unused-vars

./src/domain/rules/format-rules-engine.ts
57:37  Warning: Unexpected any. Specify a different type.  @typescript-eslint/no-explicit-any
58:36  Warning: Unexpected any. Specify a different type.  @typescript-eslint/no-explicit-any
69:36  Warning: Unexpected any. Specify a different type.  @typescript-eslint/no-explicit-any

./src/hooks/useAutoPick.ts
3:10  Warning: 'Pokemon' is defined but never used.  @typescript-eslint/no-unused-vars

./src/hooks/useConnectionManager.ts
7:8  Warning: 'ConnectionStatus' is defined but never used.  @typescript-eslint/no-unused-vars
60:6  Warning: React Hook useEffect has a missing dependency: 'handleConnectionStateChange'. Either include it or remove the dependency array.  react-hooks/exhaustive-deps

./src/hooks/useDragAndDrop.ts
6:18  Warning: Unexpected any. Specify a different type.  @typescript-eslint/no-explicit-any
22:57  Warning: 'index' is defined but never used.  @typescript-eslint/no-unused-vars

./src/hooks/useEnhancedPokemonCache.ts
3:10  Warning: 'useQuery' is defined but never used.  @typescript-eslint/no-unused-vars
3:36  Warning: 'useMutation' is defined but never used.  @typescript-eslint/no-unused-vars
5:10  Warning: 'pokemonCache' is defined but never used.  @typescript-eslint/no-unused-vars

./src/hooks/usePokemon.ts
48:23  Warning: 'query' is defined but never used.  @typescript-eslint/no-unused-vars

./src/hooks/useSupabase.ts
4:45  Warning: 'Pick' is defined but never used.  @typescript-eslint/no-unused-vars
129:25  Warning: Unexpected any. Specify a different type.  @typescript-eslint/no-explicit-any
136:31  Warning: Unexpected any. Specify a different type.  @typescript-eslint/no-explicit-any
137:26  Warning: Unexpected any. Specify a different type.  @typescript-eslint/no-explicit-any
144:57  Warning: Unexpected any. Specify a different type.  @typescript-eslint/no-explicit-any
153:58  Warning: Unexpected any. Specify a different type.  @typescript-eslint/no-explicit-any
166:46  Warning: Unexpected any. Specify a different type.  @typescript-eslint/no-explicit-any
186:28  Warning: Unexpected any. Specify a different type.  @typescript-eslint/no-explicit-any
207:32  Warning: Unexpected any. Specify a different type.  @typescript-eslint/no-explicit-any

./src/hooks/useWishlistSync.ts
42:56  Warning: Unexpected any. Specify a different type.  @typescript-eslint/no-explicit-any
86:18  Warning: 'payload' is defined but never used.  @typescript-eslint/no-unused-vars
106:61  Warning: Unexpected any. Specify a different type.  @typescript-eslint/no-explicit-any
170:41  Warning: Unexpected any. Specify a different type.  @typescript-eslint/no-explicit-any

./src/lib/auction-service.ts
4:10  Warning: 'BidHistory' is defined but never used.  @typescript-eslint/no-unused-vars
4:22  Warning: 'Auction' is defined but never used.  @typescript-eslint/no-unused-vars
49:33  Warning: Unexpected any. Specify a different type.  @typescript-eslint/no-explicit-any
65:30  Warning: Unexpected any. Specify a different type.  @typescript-eslint/no-explicit-any
116:35  Warning: Unexpected any. Specify a different type.  @typescript-eslint/no-explicit-any
155:41  Warning: Unexpected any. Specify a different type.  @typescript-eslint/no-explicit-any
205:42  Warning: Unexpected any. Specify a different type.  @typescript-eslint/no-explicit-any
218:42  Warning: Unexpected any. Specify a different type.  @typescript-eslint/no-explicit-any
275:39  Warning: Unexpected any. Specify a different type.  @typescript-eslint/no-explicit-any
278:42  Warning: Unexpected any. Specify a different type.  @typescript-eslint/no-explicit-any
323:64  Warning: 'teamId' is defined but never used.  @typescript-eslint/no-unused-vars
329:74  Warning: 'userTeamId' is defined but never used.  @typescript-eslint/no-unused-vars

./src/lib/connection-manager.ts
23:9  Warning: Unexpected any. Specify a different type.  @typescript-eslint/no-explicit-any
251:33  Warning: Unexpected any. Specify a different type.  @typescript-eslint/no-explicit-any
252:31  Warning: Unexpected any. Specify a different type.  @typescript-eslint/no-explicit-any
258:33  Warning: Unexpected any. Specify a different type.  @typescript-eslint/no-explicit-any
259:31  Warning: Unexpected any. Specify a different type.  @typescript-eslint/no-explicit-any
265:33  Warning: Unexpected any. Specify a different type.  @typescript-eslint/no-explicit-any
266:31  Warning: Unexpected any. Specify a different type.  @typescript-eslint/no-explicit-any
266:52  Warning: Unexpected any. Specify a different type.  @typescript-eslint/no-explicit-any
382:40  Warning: Unexpected any. Specify a different type.  @typescript-eslint/no-explicit-any

./src/lib/draft-service.ts
6:10  Warning: 'Pokemon' is defined but never used.  @typescript-eslint/no-unused-vars
71:26  Warning: Unexpected any. Specify a different type.  @typescript-eslint/no-explicit-any
102:25  Warning: Unexpected any. Specify a different type.  @typescript-eslint/no-explicit-any
104:29  Warning: Unexpected any. Specify a different type.  @typescript-eslint/no-explicit-any
120:32  Warning: Unexpected any. Specify a different type.  @typescript-eslint/no-explicit-any
122:29  Warning: Unexpected any. Specify a different type.  @typescript-eslint/no-explicit-any
137:26  Warning: Unexpected any. Specify a different type.  @typescript-eslint/no-explicit-any
149:43  Warning: Unexpected any. Specify a different type.  @typescript-eslint/no-explicit-any
169:19  Warning: Unexpected any. Specify a different type.  @typescript-eslint/no-explicit-any
173:19  Warning: Unexpected any. Specify a different type.  @typescript-eslint/no-explicit-any
173:50  Warning: Unexpected any. Specify a different type.  @typescript-eslint/no-explicit-any
178:38  Warning: Unexpected any. Specify a different type.  @typescript-eslint/no-explicit-any
182:25  Warning: Unexpected any. Specify a different type.  @typescript-eslint/no-explicit-any
188:37  Warning: Unexpected any. Specify a different type.  @typescript-eslint/no-explicit-any
200:32  Warning: Unexpected any. Specify a different type.  @typescript-eslint/no-explicit-any
248:32  Warning: Unexpected any. Specify a different type.  @typescript-eslint/no-explicit-any
299:23  Warning: Unexpected any. Specify a different type.  @typescript-eslint/no-explicit-any
300:30  Warning: Unexpected any. Specify a different type.  @typescript-eslint/no-explicit-any
301:23  Warning: Unexpected any. Specify a different type.  @typescript-eslint/no-explicit-any
302:26  Warning: Unexpected any. Specify a different type.  @typescript-eslint/no-explicit-any
328:20  Warning: Unexpected any. Specify a different type.  @typescript-eslint/no-explicit-any
331:28  Warning: Unexpected any. Specify a different type.  @typescript-eslint/no-explicit-any
337:42  Warning: Unexpected any. Specify a different type.  @typescript-eslint/no-explicit-any
383:68  Warning: Unexpected any. Specify a different type.  @typescript-eslint/no-explicit-any
392:25  Warning: Unexpected any. Specify a different type.  @typescript-eslint/no-explicit-any
410:25  Warning: Unexpected any. Specify a different type.  @typescript-eslint/no-explicit-any
412:40  Warning: Unexpected any. Specify a different type.  @typescript-eslint/no-explicit-any
440:26  Warning: Unexpected any. Specify a different type.  @typescript-eslint/no-explicit-any
466:92  Warning: Unexpected any. Specify a different type.  @typescript-eslint/no-explicit-any
466:103  Warning: Unexpected any. Specify a different type.  @typescript-eslint/no-explicit-any
525:28  Warning: Unexpected any. Specify a different type.  @typescript-eslint/no-explicit-any
538:28  Warning: Unexpected any. Specify a different type.  @typescript-eslint/no-explicit-any
568:68  Warning: Unexpected any. Specify a different type.  @typescript-eslint/no-explicit-any
587:26  Warning: Unexpected any. Specify a different type.  @typescript-eslint/no-explicit-any
605:26  Warning: Unexpected any. Specify a different type.  @typescript-eslint/no-explicit-any
646:26  Warning: Unexpected any. Specify a different type.  @typescript-eslint/no-explicit-any
660:32  Warning: Unexpected any. Specify a different type.  @typescript-eslint/no-explicit-any
737:22  Warning: Unexpected any. Specify a different type.  @typescript-eslint/no-explicit-any
849:28  Warning: Unexpected any. Specify a different type.  @typescript-eslint/no-explicit-any
890:21  Warning: Unexpected any. Specify a different type.  @typescript-eslint/no-explicit-any
895:43  Warning: Unexpected any. Specify a different type.  @typescript-eslint/no-explicit-any
900:34  Warning: Unexpected any. Specify a different type.  @typescript-eslint/no-explicit-any
901:78  Warning: Unexpected any. Specify a different type.  @typescript-eslint/no-explicit-any
920:30  Warning: Unexpected any. Specify a different type.  @typescript-eslint/no-explicit-any
921:73  Warning: Unexpected any. Specify a different type.  @typescript-eslint/no-explicit-any
925:55  Warning: Unexpected any. Specify a different type.  @typescript-eslint/no-explicit-any
958:21  Warning: Unexpected any. Specify a different type.  @typescript-eslint/no-explicit-any
963:21  Warning: Unexpected any. Specify a different type.  @typescript-eslint/no-explicit-any
974:55  Warning: Unexpected any. Specify a different type.  @typescript-eslint/no-explicit-any
978:32  Warning: Unexpected any. Specify a different type.  @typescript-eslint/no-explicit-any
979:35  Warning: Unexpected any. Specify a different type.  @typescript-eslint/no-explicit-any
980:37  Warning: Unexpected any. Specify a different type.  @typescript-eslint/no-explicit-any
981:29  Warning: Unexpected any. Specify a different type.  @typescript-eslint/no-explicit-any
992:55  Warning: Unexpected any. Specify a different type.  @typescript-eslint/no-explicit-any
995:42  Warning: Unexpected any. Specify a different type.  @typescript-eslint/no-explicit-any
995:84  Warning: Unexpected any. Specify a different type.  @typescript-eslint/no-explicit-any
997:31  Warning: Unexpected any. Specify a different type.  @typescript-eslint/no-explicit-any
1005:55  Warning: Unexpected any. Specify a different type.  @typescript-eslint/no-explicit-any
1043:54  Warning: Unexpected any. Specify a different type.  @typescript-eslint/no-explicit-any
1045:42  Warning: Unexpected any. Specify a different type.  @typescript-eslint/no-explicit-any
1134:44  Warning: Unexpected any. Specify a different type.  @typescript-eslint/no-explicit-any
1151:53  Warning: Unexpected any. Specify a different type.  @typescript-eslint/no-explicit-any
1195:25  Warning: Unexpected any. Specify a different type.  @typescript-eslint/no-explicit-any
1206:25  Warning: Unexpected any. Specify a different type.  @typescript-eslint/no-explicit-any
1208:40  Warning: Unexpected any. Specify a different type.  @typescript-eslint/no-explicit-any
1222:26  Warning: Unexpected any. Specify a different type.  @typescript-eslint/no-explicit-any
1273:81  Warning: Unexpected any. Specify a different type.  @typescript-eslint/no-explicit-any
1293:58  Warning: Unexpected any. Specify a different type.  @typescript-eslint/no-explicit-any
1334:59  Warning: Unexpected any. Specify a different type.  @typescript-eslint/no-explicit-any

./src/lib/env.ts
58:23  Warning: Unexpected any. Specify a different type.  @typescript-eslint/no-explicit-any

./src/lib/hydration-fix.ts
72:29  Warning: Unexpected any. Specify a different type.  @typescript-eslint/no-explicit-any

./src/lib/notification-service.ts
31:10  Warning: Unexpected any. Specify a different type.  @typescript-eslint/no-explicit-any
198:67  Warning: Unexpected any. Specify a different type.  @typescript-eslint/no-explicit-any

./src/lib/optimistic-updates.ts
3:10  Warning: 'Pokemon' is defined but never used.  @typescript-eslint/no-unused-vars
9:9  Warning: Unexpected any. Specify a different type.  @typescript-eslint/no-explicit-any
225:32  Warning: 'error' is defined but never used.  @typescript-eslint/no-unused-vars

./src/lib/pokemon-api.ts
3:10  Warning: 'PokemonFormat' is defined but never used.  @typescript-eslint/no-unused-vars
451:14  Warning: Unexpected any. Specify a different type.  @typescript-eslint/no-explicit-any
569:34  Warning: Unexpected any. Specify a different type.  @typescript-eslint/no-explicit-any

./src/lib/pokemon-cache.ts
35:41  Warning: Unexpected any. Specify a different type.  @typescript-eslint/no-explicit-any
47:43  Warning: Unexpected any. Specify a different type.  @typescript-eslint/no-explicit-any

./src/lib/supabase.ts
62:36  Warning: Unexpected any. Specify a different type.  @typescript-eslint/no-explicit-any
81:37  Warning: Unexpected any. Specify a different type.  @typescript-eslint/no-explicit-any
100:37  Warning: Unexpected any. Specify a different type.  @typescript-eslint/no-explicit-any
343:36  Warning: Unexpected any. Specify a different type.  @typescript-eslint/no-explicit-any
351:37  Warning: Unexpected any. Specify a different type.  @typescript-eslint/no-explicit-any
359:37  Warning: Unexpected any. Specify a different type.  @typescript-eslint/no-explicit-any

./src/lib/wishlist-service.ts
29:32  Warning: Unexpected any. Specify a different type.  @typescript-eslint/no-explicit-any
44:28  Warning: Unexpected any. Specify a different type.  @typescript-eslint/no-explicit-any
54:22  Warning: Unexpected any. Specify a different type.  @typescript-eslint/no-explicit-any
55:27  Warning: Unexpected any. Specify a different type.  @typescript-eslint/no-explicit-any
56:33  Warning: Unexpected any. Specify a different type.  @typescript-eslint/no-explicit-any
57:29  Warning: Unexpected any. Specify a different type.  @typescript-eslint/no-explicit-any
58:31  Warning: Unexpected any. Specify a different type.  @typescript-eslint/no-explicit-any
59:28  Warning: Unexpected any. Specify a different type.  @typescript-eslint/no-explicit-any
60:31  Warning: Unexpected any. Specify a different type.  @typescript-eslint/no-explicit-any
61:24  Warning: Unexpected any. Specify a different type.  @typescript-eslint/no-explicit-any
62:29  Warning: Unexpected any. Specify a different type.  @typescript-eslint/no-explicit-any
63:29  Warning: Unexpected any. Specify a different type.  @typescript-eslint/no-explicit-any
130:28  Warning: Unexpected any. Specify a different type.  @typescript-eslint/no-explicit-any
170:22  Warning: Unexpected any. Specify a different type.  @typescript-eslint/no-explicit-any
171:27  Warning: Unexpected any. Specify a different type.  @typescript-eslint/no-explicit-any
172:33  Warning: Unexpected any. Specify a different type.  @typescript-eslint/no-explicit-any
173:29  Warning: Unexpected any. Specify a different type.  @typescript-eslint/no-explicit-any
174:31  Warning: Unexpected any. Specify a different type.  @typescript-eslint/no-explicit-any
175:28  Warning: Unexpected any. Specify a different type.  @typescript-eslint/no-explicit-any
176:31  Warning: Unexpected any. Specify a different type.  @typescript-eslint/no-explicit-any
177:24  Warning: Unexpected any. Specify a different type.  @typescript-eslint/no-explicit-any
178:29  Warning: Unexpected any. Specify a different type.  @typescript-eslint/no-explicit-any
179:29  Warning: Unexpected any. Specify a different type.  @typescript-eslint/no-explicit-any
205:44  Warning: Unexpected any. Specify a different type.  @typescript-eslint/no-explicit-any
254:22  Warning: Unexpected any. Specify a different type.  @typescript-eslint/no-explicit-any
255:27  Warning: Unexpected any. Specify a different type.  @typescript-eslint/no-explicit-any
256:33  Warning: Unexpected any. Specify a different type.  @typescript-eslint/no-explicit-any
257:29  Warning: Unexpected any. Specify a different type.  @typescript-eslint/no-explicit-any
258:31  Warning: Unexpected any. Specify a different type.  @typescript-eslint/no-explicit-any
259:28  Warning: Unexpected any. Specify a different type.  @typescript-eslint/no-explicit-any
260:31  Warning: Unexpected any. Specify a different type.  @typescript-eslint/no-explicit-any
261:24  Warning: Unexpected any. Specify a different type.  @typescript-eslint/no-explicit-any
262:29  Warning: Unexpected any. Specify a different type.  @typescript-eslint/no-explicit-any
263:29  Warning: Unexpected any. Specify a different type.  @typescript-eslint/no-explicit-any

./src/services/format-loader.ts
163:14  Warning: 'error' is defined but never used.  @typescript-eslint/no-unused-vars

./src/stores/draftStore.ts
49:31  Warning: 'get' is defined but never used.  @typescript-eslint/no-unused-vars

./src/utils/pokemon.ts
1:19  Warning: 'PokemonType' is defined but never used.  @typescript-eslint/no-unused-vars

info  - Need to disable some ESLint rules? Learn more here: https://nextjs.org/docs/app/api-reference/config/eslint#disabling-rules
Failed to compile.

./src/lib/draft-service.ts:1334:15
Type error: Argument of type 'any' is not assignable to parameter of type 'never'.

[0m [90m 1332 |[39m     [36mconst[39m { error[33m:[39m updateError } [33m=[39m [36mawait[39m supabase[0m
[0m [90m 1333 |[39m       [33m.[39m[36mfrom[39m([32m'drafts'[39m)[0m
[0m[31m[1m>[22m[39m[90m 1334 |[39m       [33m.[39mupdate({ updated_at[33m:[39m [36mnew[39m [33mDate[39m()[33m.[39mtoISOString() } [36mas[39m any)[0m
[0m [90m      |[39m               [31m[1m^[22m[39m[0m
[0m [90m 1335 |[39m       [33m.[39meq([32m'id'[39m[33m,[39m draftId)[0m
[0m [90m 1336 |[39m[0m
[0m [90m 1337 |[39m     [36mif[39m (updateError) {[0m
Static worker exited with code: 1 and signal: null
